Handlebars.template({"compiler":[7,">= 4.0.0"],"main":function(container,depth0,helpers,partials,data) {
    var helper;

  return "<h1>Under the "
    + container.escapeExpression(((helper = (helper = helpers.body_of_water || (depth0 != null ? depth0.body_of_water : depth0)) != null ? helper : helpers.helperMissing),(typeof helper === "function" ? helper.call(depth0 != null ? depth0 : {},{"name":"body_of_water","hash":{},"data":data}) : helper)))
    + "</h1>\n";
},"useData":true});