Handlebars.template({"compiler":[7,">= 4.0.0"],"main":function(container,depth0,helpers,partials,data) {
    var helper;

  return "Here comes the "
    + container.escapeExpression(((helper = (helper = helpers.thing || (depth0 != null ? depth0.thing : depth0)) != null ? helper : helpers.helperMissing),(typeof helper === "function" ? helper.call(depth0 != null ? depth0 : {},{"name":"thing","hash":{},"data":data}) : helper)));
},"useData":true});