function anonymous(it
/**/) {
var out='<div>Hi '+(it.name)+'!</div><div>'+(it.age || '')+'</div>';return out;
}