function anonymous(it
/**/) {
var out='';if(it.name){out+='<div>Oh, I love your name, '+(it.name)+'!</div>';}else if(it.age === 0){out+='<div>Guess nobody named you yet!</div>';}else{out+='You are '+(it.age)+' and still don\'t have a name?';}return out;
}