var toffee;("undefined"==typeof toffee||null===toffee)&&(toffee={}),toffee.templates||(toffee.templates={}),toffee.states={TOFFEE:1,COFFEE:2},toffee.__json=function(e,t){return null==t?"null":""+JSON.stringify(t).replace(/</g,"\\u003C").replace(/>/g,"\\u003E").replace(/&/g,"\\u0026")},toffee.__raw=function(e,t){return t},toffee.__html=function(e,t){return(""+t).replace(/&/g,"&amp;").replace(/</g,"&lt;").replace(/>/g,"&gt;").replace(/"/g,"&quot;")},toffee.__escape=function(e,t){var f;return f=null!=e.__toffee.autoEscape?e.__toffee.autoEscape:!0,f?void 0===t?"":null!=t&&"object"==typeof t?e.json(t):e.html(t):t},toffee.__augmentLocals=function(e,t){var f,n;return f=e,n=f.__toffee={out:[]},null==f.print&&(f.print=function(e){return toffee.__print(f,e)}),null==f.json&&(f.json=function(e){return toffee.__json(f,e)}),null==f.raw&&(f.raw=function(e){return toffee.__raw(f,e)}),null==f.html&&(f.html=function(e){return toffee.__html(f,e)}),null==f.escape&&(f.escape=function(e){return toffee.__escape(f,e)}),null==f.partial&&(f.partial=function(e,n){return toffee.__partial(toffee.templates[""+t],f,e,n)}),null==f.snippet&&(f.snippet=function(e,n){return toffee.__snippet(toffee.templates[""+t],f,e,n)}),null==f.load&&(f.load=function(e,n){return toffee.__load(toffee.templates[""+t],f,e,n)}),n.print=f.print,n.json=f.json,n.raw=f.raw,n.html=f.html,n.escape=f.escape,n.partial=f.partial,n.snippet=f.snippet,n.load=f.load},toffee.__print=function(e,t){return e.__toffee.state===toffee.states.COFFEE?(e.__toffee.out.push(t),""):""+t},toffee.__normalize=function(e){var t,f,n,o,l;if(null==e||"/"===e)return e;for(l=e.split("/"),n=[],l[0]&&n.push(""),t=0,f=l.length;f>t;t++)o=l[t],".."===o?n.length>1?n.pop():n.push(o):"."!==o&&n.push(o);return e=n.join("/"),e||(e="/"),e},toffee.__partial=function(e,t,f,n){return f=toffee.__normalize(e.bundlePath+"/../"+f),toffee.__inlineInclude(f,n,t)},toffee.__snippet=function(e,t,f,n){return f=toffee.__normalize(e.bundlePath+"/../"+f),n=null!=n?n:{},n.__toffee=n.__toffee||{},n.__toffee.noInheritance=!0,toffee.__inlineInclude(f,n,t)},toffee.__load=function(e,t,f,n){return f=toffee.__normalize(e.bundlePath+"/../"+f),n=null!=n?n:{},n.__toffee=n.__toffee||{},n.__toffee.repress=!0,toffee.__inlineInclude(f,n,t)},toffee.__inlineInclude=function(e,t,f){var n,o,l,r,u,_,a,i,p;for(r=t||{},r.passback={},r.__toffee=r.__toffee||{},i={},u=["passback","load","print","partial","snippet","layout","__toffee","postProcess"],n=0,l=u.length;l>n;n++)o=u[n],i[o]=!0;if(!r.__toffee.noInheritance)for(o in f)p=f[o],null==(null!=t?t[o]:void 0)&&null==i[o]&&(r[o]=p);if(toffee.templates[e]){a=toffee.templates[e].pub(r),_=r.passback;for(o in _)p=_[o],f[o]=p;return a}return"Inline toffee include: Could not find "+e};
;
(function() {
  var tmpl;

  tmpl = toffee.templates["/"] = {
    bundlePath: "/"
  };

  tmpl.render = tmpl.pub = function(__locals) {
    var __repress, _ln, _to, _ts, i, len, ref, supply;
    __locals = __locals || {};
    __repress = (ref = __locals.__toffee) != null ? ref.repress : void 0;
    _to = function(x) {
      return __locals.__toffee.out.push(x);
    };
    _ln = function(x) {
      return __locals.__toffee.lineno = x;
    };
    _ts = function(x) {
      return __locals.__toffee.state = x;
    };
    toffee.__augmentLocals(__locals, "/");
    with (__locals) {;
    __toffee.out = [];
    _ts(1);
    _ts(2);
    for (i = 0, len = supplies.length; i < len; i++) {
      supply = supplies[i];
      _ts(1);
      _ts(1);
      _ln(2);
      _to("<li>");
      _to("" + (supply != null ? escape(supply) : ''));
      _to("</li>");
      _ts(2);
    }
    __toffee.res = __toffee.out.join("");
    if (typeof postProcess !== "undefined" && postProcess !== null) {
      __toffee.res = postProcess(__toffee.res);
    }
    if (!__repress) {
      return __toffee.res;
    } else {
      return "";
    }
  };

  true; } /* closing JS 'with' */ ;

  if (typeof __toffee_run_input !== "undefined" && __toffee_run_input !== null) {
    return tmpl.pub(__toffee_run_input);
  }

}).call(this);
